========================================
Pipeline: Test Pipeline
Date: 2024-03-09 15:30:00
========================================

[STEP] Checkout code
[INFO] Repository cloned successfully

[STEP] Install dependencies
[INFO] npm install started
[INFO] Downloaded 150 packages

[STEP] Run tests
[INFO] Test 1: Login test ? PASSED
[ERROR] Test 2: Database connection ? FAILED
[ERROR] Error: Connection timeout at postgres:5432

[STEP] Build project
[INFO] Build completed in 5.3s

========================================
FINAL STATUS: FAILED
========================================
